// Jest Snapshot v1, https://goo.gl/fbAQLP

exports[`renders correctly 1`] = `
ShallowWrapper {
  "complexSelector": ComplexSelector {
    "buildPredicate": [Function],
    "childrenOfNode": [Function],
    "findWhereUnwrapped": [Function],
  },
  "length": 1,
  "node": <NavigationLink
    location="/"
    to="/test"
/>,
  "nodes": Array [
    <NavigationLink
      location="/"
      to="/test"
/>,
  ],
  "options": Object {},
  "renderer": null,
  "root": ShallowWrapper {
    "complexSelector": ComplexSelector {
      "buildPredicate": [Function],
      "childrenOfNode": [Function],
      "findWhereUnwrapped": [Function],
    },
    "length": 1,
    "node": <Router
      history={
            Object {
                  "action": "POP",
                  "block": [Function],
                  "canGo": [Function],
                  "createHref": [Function],
                  "entries": Array [
                    Object {
                      "hash": "",
                      "key": "y2ktlo",
                      "pathname": "/",
                      "search": "",
                      "state": undefined,
                    },
                  ],
                  "go": [Function],
                  "goBack": [Function],
                  "goForward": [Function],
                  "index": 0,
                  "length": 1,
                  "listen": [Function],
                  "location": Object {
                    "hash": "",
                    "key": "y2ktlo",
                    "pathname": "/",
                    "search": "",
                    "state": undefined,
                  },
                  "push": [Function],
                  "replace": [Function],
                }
      }
>
      <NavigationLink
            location="/"
            to="/test"
      />
</Router>,
    "nodes": Array [
      <Router
        history={
                Object {
                        "action": "POP",
                        "block": [Function],
                        "canGo": [Function],
                        "createHref": [Function],
                        "entries": Array [
                          Object {
                            "hash": "",
                            "key": "y2ktlo",
                            "pathname": "/",
                            "search": "",
                            "state": undefined,
                          },
                        ],
                        "go": [Function],
                        "goBack": [Function],
                        "goForward": [Function],
                        "index": 0,
                        "length": 1,
                        "listen": [Function],
                        "location": Object {
                          "hash": "",
                          "key": "y2ktlo",
                          "pathname": "/",
                          "search": "",
                          "state": undefined,
                        },
                        "push": [Function],
                        "replace": [Function],
                      }
        }
>
        <NavigationLink
                location="/"
                to="/test"
        />
</Router>,
    ],
    "options": Object {},
    "renderer": ReactShallowRenderer {
      "_instance": ShallowComponentWrapper {
        "_calledComponentWillUnmount": false,
        "_compositeType": 0,
        "_context": Object {},
        "_currentElement": <MemoryRouter
          initialEntries={
                    Array [
                              "/",
                            ]
          }
>
          <NavigationLink
                    location="/"
                    to="/test"
          />
</MemoryRouter>,
        "_debugID": 1,
        "_hostContainerInfo": null,
        "_hostParent": null,
        "_instance": MemoryRouter {
          "_reactInternalInstance": [Circular],
          "context": Object {},
          "history": Object {
            "action": "POP",
            "block": [Function],
            "canGo": [Function],
            "createHref": [Function],
            "entries": Array [
              Object {
                "hash": "",
                "key": "y2ktlo",
                "pathname": "/",
                "search": "",
                "state": undefined,
              },
            ],
            "go": [Function],
            "goBack": [Function],
            "goForward": [Function],
            "index": 0,
            "length": 1,
            "listen": [Function],
            "location": Object {
              "hash": "",
              "key": "y2ktlo",
              "pathname": "/",
              "search": "",
              "state": undefined,
            },
            "push": [Function],
            "replace": [Function],
          },
          "props": Object {
            "children": <NavigationLink
              location="/"
              to="/test"
/>,
            "initialEntries": Array [
              "/",
            ],
          },
          "refs": Object {},
          "state": null,
          "updater": Object {
            "enqueueCallback": [Function],
            "enqueueCallbackInternal": [Function],
            "enqueueElementInternal": [Function],
            "enqueueForceUpdate": [Function],
            "enqueueReplaceState": [Function],
            "enqueueSetState": [Function],
            "isMounted": [Function],
            "validateCallback": [Function],
          },
        },
        "_mountOrder": 1,
        "_pendingCallbacks": null,
        "_pendingElement": null,
        "_pendingForceUpdate": false,
        "_pendingReplaceState": false,
        "_pendingStateQueue": null,
        "_renderedComponent": NoopInternalComponent {
          "_currentElement": <Router
            history={
                        Object {
                                    "action": "POP",
                                    "block": [Function],
                                    "canGo": [Function],
                                    "createHref": [Function],
                                    "entries": Array [
                                      Object {
                                        "hash": "",
                                        "key": "y2ktlo",
                                        "pathname": "/",
                                        "search": "",
                                        "state": undefined,
                                      },
                                    ],
                                    "go": [Function],
                                    "goBack": [Function],
                                    "goForward": [Function],
                                    "index": 0,
                                    "length": 1,
                                    "listen": [Function],
                                    "location": Object {
                                      "hash": "",
                                      "key": "y2ktlo",
                                      "pathname": "/",
                                      "search": "",
                                      "state": undefined,
                                    },
                                    "push": [Function],
                                    "replace": [Function],
                                  }
            }
>
            <NavigationLink
                        location="/"
                        to="/test"
            />
</Router>,
          "_debugID": 2,
          "_renderedOutput": <Router
            history={
                        Object {
                                    "action": "POP",
                                    "block": [Function],
                                    "canGo": [Function],
                                    "createHref": [Function],
                                    "entries": Array [
                                      Object {
                                        "hash": "",
                                        "key": "y2ktlo",
                                        "pathname": "/",
                                        "search": "",
                                        "state": undefined,
                                      },
                                    ],
                                    "go": [Function],
                                    "goBack": [Function],
                                    "goForward": [Function],
                                    "index": 0,
                                    "length": 1,
                                    "listen": [Function],
                                    "location": Object {
                                      "hash": "",
                                      "key": "y2ktlo",
                                      "pathname": "/",
                                      "search": "",
                                      "state": undefined,
                                    },
                                    "push": [Function],
                                    "replace": [Function],
                                  }
            }
>
            <NavigationLink
                        location="/"
                        to="/test"
            />
</Router>,
        },
        "_renderedNodeType": 1,
        "_rootNodeID": 0,
        "_topLevelWrapper": null,
        "_updateBatchNumber": null,
        "_warnedAboutRefsInRender": false,
      },
      "getRenderOutput": [Function],
      "render": [Function],
    },
    "root": [Circular],
    "unrendered": <MemoryRouter
      initialEntries={
            Array [
                  "/",
                ]
      }
>
      <NavigationLink
            location="/"
            to="/test"
      />
</MemoryRouter>,
  },
  "unrendered": null,
}
`;
