// Jest Snapshot v1, https://goo.gl/fbAQLP

exports[`renders correctly 1`] = `
ShallowWrapper {
  "complexSelector": ComplexSelector {
    "buildPredicate": [Function],
    "childrenOfNode": [Function],
    "findWhereUnwrapped": [Function],
  },
  "length": 1,
  "node": <div
    className="packages"
>
    <button
        onClick={[Function]}
    >
        Refresh
    </button>
    <ul>
        <li>
            react
        </li>
        <li>
            redux
        </li>
    </ul>
</div>,
  "nodes": Array [
    <div
      className="packages"
>
      <button
            onClick={[Function]}
      >
            Refresh
      </button>
      <ul>
            <li>
                  react
            </li>
            <li>
                  redux
            </li>
      </ul>
</div>,
  ],
  "options": Object {},
  "renderer": ReactShallowRenderer {
    "_instance": ShallowComponentWrapper {
      "_calledComponentWillUnmount": false,
      "_compositeType": 2,
      "_context": Object {},
      "_currentElement": <PackageList
        onRefresh={[Function]}
        packages={
                Array [
                        Object {
                          "description": "React is a JavaScript library for building user interfaces.",
                          "name": "react",
                          "version": "15.4.2",
                        },
                        Object {
                          "description": "Predictable state container for JavaScript apps",
                          "name": "redux",
                          "version": "3.6.0",
                        },
                      ]
        }
/>,
      "_debugID": 1,
      "_hostContainerInfo": null,
      "_hostParent": null,
      "_instance": StatelessComponent {
        "_reactInternalInstance": [Circular],
        "context": Object {},
        "props": Object {
          "onRefresh": [Function],
          "packages": Array [
            Object {
              "description": "React is a JavaScript library for building user interfaces.",
              "name": "react",
              "version": "15.4.2",
            },
            Object {
              "description": "Predictable state container for JavaScript apps",
              "name": "redux",
              "version": "3.6.0",
            },
          ],
        },
        "refs": Object {},
        "state": null,
        "updater": Object {
          "enqueueCallback": [Function],
          "enqueueCallbackInternal": [Function],
          "enqueueElementInternal": [Function],
          "enqueueForceUpdate": [Function],
          "enqueueReplaceState": [Function],
          "enqueueSetState": [Function],
          "isMounted": [Function],
          "validateCallback": [Function],
        },
      },
      "_mountOrder": 1,
      "_pendingCallbacks": null,
      "_pendingElement": null,
      "_pendingForceUpdate": false,
      "_pendingReplaceState": false,
      "_pendingStateQueue": null,
      "_renderedComponent": NoopInternalComponent {
        "_currentElement": <div
          className="packages"
>
          <button
                    onClick={[Function]}
          >
                    Refresh
          </button>
          <ul>
                    <li>
                              react
                    </li>
                    <li>
                              redux
                    </li>
          </ul>
</div>,
        "_debugID": 2,
        "_renderedOutput": <div
          className="packages"
>
          <button
                    onClick={[Function]}
          >
                    Refresh
          </button>
          <ul>
                    <li>
                              react
                    </li>
                    <li>
                              redux
                    </li>
          </ul>
</div>,
      },
      "_renderedNodeType": 0,
      "_rootNodeID": 0,
      "_topLevelWrapper": null,
      "_updateBatchNumber": null,
      "_warnedAboutRefsInRender": false,
    },
    "getRenderOutput": [Function],
    "render": [Function],
  },
  "root": [Circular],
  "unrendered": <PackageList
    onRefresh={[Function]}
    packages={
        Array [
            Object {
              "description": "React is a JavaScript library for building user interfaces.",
              "name": "react",
              "version": "15.4.2",
            },
            Object {
              "description": "Predictable state container for JavaScript apps",
              "name": "redux",
              "version": "3.6.0",
            },
          ]
    }
/>,
}
`;
